// Vitest Snapshot v1, https://vitest.dev/guide/snapshot.html

exports[`CityTime > matches snapshot 1`] = `
<DocumentFragment>
  <div
    class="bg-card text-card-foreground flex flex-col gap-6 rounded-xl border py-6 shadow-sm"
    data-slot="card"
  >
    <div
      class="@container/card-header grid auto-rows-min grid-rows-[auto_auto] items-start gap-1.5 px-6 has-data-[slot=card-action]:grid-cols-[1fr_auto] [.border-b]:pb-6 pb-2"
      data-slot="card-header"
    >
      <div
        class="text-sm font-medium"
        data-slot="card-title"
      >
        New York
      </div>
    </div>
    <div
      class="px-6"
      data-slot="card-content"
    >
      <div
        class="text-2xl font-bold"
      >
        6:30:46 AM
      </div>
      <p
        class="text-xs text-muted-foreground"
      >
        Sunday, January 1, 2023
      </p>
    </div>
  </div>
</DocumentFragment>
`;
